Microchip MPLAB XC8 Compiler V2.05 ()

Linker command line:

-W-3 --edf=C:\Program Files (x86)\Microchip\xc8\v2.05\pic\dat\en_msgs.txt \
  -cs -h+dist/default/production\LAB3_DIGITAL2.X.production.sym \
  --cmf=dist/default/production\LAB3_DIGITAL2.X.production.cmf -z -Q16F887 \
  -oC:\Users\jotas\AppData\Local\Temp\sio.2 --defsym=__MPLAB_BUILD=1 \
  -Mdist/default/production/LAB3_DIGITAL2.X.production.map -E1 -ver=XC8 \
  --acfsm=1493 -ASTACK=0110h-016Fh -pstack=STACK -ACODE=00h-07FFhx4 \
  -ASTRCODE=00h-01FFFh -ASTRING=00h-0FFhx32 -ACONST=00h-0FFhx32 \
  -AENTRY=00h-0FFhx32 -ACOMMON=070h-07Fh -ABANK0=020h-06Fh \
  -ABANK1=0A0h-0EFh -ABANK2=0110h-016Fh -ABANK3=0190h-01EFh \
  -ARAM=020h-06Fh,0A0h-0EFh,0110h-016Fh,0190h-01EFh \
  -AABS1=020h-07Fh,0A0h-0EFh,0110h-016Fh,0190h-01EFh -ASFR0=00h-01Fh \
  -ASFR1=080h-09Fh -ASFR2=0100h-010Fh -ASFR3=0180h-018Fh \
  -preset_vec=00h,intentry=04h,init,end_init -ppowerup=CODE -pcinit=CODE \
  -pfunctab=ENTRY -ACONFIG=02007h-02008h -pconfig=CONFIG -DCONFIG=2 \
  -AIDLOC=02000h-02003h -pidloc=IDLOC -DIDLOC=2 -AEEDATA=00h-0FFh/02100h \
  -peeprom_data=EEDATA -DEEDATA=2 -DCODE=2 -DSTRCODE=2 -DSTRING=2 -DCONST=2 \
  -DENTRY=2 -k C:\Users\jotas\AppData\Local\Temp\sio.o \
  dist/default/production\LAB3_DIGITAL2.X.production.o 

Object code version is 3.11

Machine type is 16F887



                Name                               Link     Load   Length Selector   Space Scale
C:\Users\jotas\AppData\Local\Temp\sio.o
                end_init                              C        C        3        8       0
                reset_vec                             0        0        3        0       0
                config                             2007     2007        2     400E       0
dist/default/production\LAB3_DIGITAL2.X.production.o
                cinit                                 F        F       19        8       0
                intentry                              4        4        8        8       0
                text17                              773      773       14      EE6       0
                text16                              48C      48C       8B        8       0
                text15                              1CE      1CE       CA        8       0
                text14                              741      741       1D        8       0
                text13                              6A3      6A3       2F        8       0
                text12                              6D2      6D2       2C        8       0
                text11                              787      787        F      EE6       0
                text10                              6FE      6FE       22        8       0
                text9                               59C      59C       67        8       0
                text8                               720      720       21        8       0
                text7                               35F      35F       9E        8       0
                text6                               796      796        C      EE6       0
                text5                               3FD      3FD       8F        8       0
                text4                               298      298       C7        8       0
                text3                               603      603       5B        8       0
                text2                               517      517       85        8       0
                text1                               65E      65E       45        8       0
                maintext                             28       28      1A6        8       0
                cstackBANK0                          3D       3D       1A       20       1
                cstackCOMMON                         70       70        A       70       1
                clrtext                             7A2      7A2        8      EE6       0
                dataBANK0                            57       57        2       20       1
                bssBANK0                             20       20       1D       20       1
                bssCOMMON                            7A       7A        2       70       1
                strings                             75E      75E       15      EBC       0
                idataBANK0                          7AA      7AA        2      EE6       0

TOTAL           Name                               Link     Load   Length     Space
        CLASS   STACK          

        CLASS   CODE           
                end_init                              C        C        3         0
                cinit                                 F        F       19         0
                intentry                              4        4        8         0
                reset_vec                             0        0        3         0
                text17                              773      773       14         0
                text16                              48C      48C       8B         0
                text15                              1CE      1CE       CA         0
                text14                              741      741       1D         0
                text13                              6A3      6A3       2F         0
                text12                              6D2      6D2       2C         0
                text11                              787      787        F         0
                text10                              6FE      6FE       22         0
                text9                               59C      59C       67         0
                text8                               720      720       21         0
                text7                               35F      35F       9E         0
                text6                               796      796        C         0
                text5                               3FD      3FD       8F         0
                text4                               298      298       C7         0
                text3                               603      603       5B         0
                text2                               517      517       85         0
                text1                               65E      65E       45         0
                maintext                             28       28      1A6         0
                clrtext                             7A2      7A2        8         0
                idataBANK0                          7AA      7AA        2         0

        CLASS   STRCODE        

        CLASS   STRING         
                strings                             75E      75E       15         0

        CLASS   CONST          

        CLASS   ENTRY          

        CLASS   COMMON         
                cstackCOMMON                         70       70        A         1
                bssCOMMON                            7A       7A        2         1

        CLASS   BANK0          
                cstackBANK0                          3D       3D       1A         1
                dataBANK0                            57       57        2         1
                bssBANK0                             20       20       1D         1

        CLASS   BANK1          

        CLASS   BANK2          

        CLASS   BANK3          

        CLASS   RAM            

        CLASS   ABS1           
                abs_s1                               7E       7E        2         1

        CLASS   SFR0           

        CLASS   SFR1           

        CLASS   SFR2           

        CLASS   SFR3           

        CLASS   CONFIG         
                config                             2007     2007        2         0

        CLASS   IDLOC          

        CLASS   EEDATA         



SEGMENTS        Name                           Load    Length   Top    Selector   Space  Class     Delta

                reset_vec                      000000  000003  000003         0       0  CODE        2
                intentry                       000004  00075A  00075E         8       0  CODE        2
                bssBANK0                       000020  000039  000059        20       1  BANK0       1
                cstackCOMMON                   000070  00000C  00007C        70       1  COMMON      1
                strings                        00075E  000015  000773       EBC       0  STRING      2
                text17                         000773  000039  0007AC       EE6       0  CODE        2
                config                         002007  000002  002009      400E       0  CONFIG      2


UNUSED ADDRESS RANGES

        Name                Unused          Largest block    Delta
        BANK0            0059-006F             17           1
        BANK1            00A0-00EF             50           1
        BANK2            0110-016F             60           1
        BANK3            0190-01EF             60           1
        CODE             0003-0003              1           2
                         07AC-1FFF            800
        COMMON           007C-007D              2           1
        CONST            0003-0003              1           2
                         07AC-1FFF            100
        EEDATA           2100-21FF            100           2
        ENTRY            0003-0003              1           2
                         07AC-1FFF            100
        IDLOC            2000-2003              4           2
        RAM              0059-006F             17           1
                         00A0-00EF             50
                         0110-016F             60
                         0190-01EF             60
        SFR0             0000-001F             20           1
        SFR1             0080-009F             20           1
        SFR2             0100-010F             10           1
        SFR3             0180-018F             10           1
        STACK            0110-016F             60           1
        STRCODE          0003-0003              1           2
                         07AC-1FFF           1854
        STRING           0003-0003              1           2
                         07AC-1FFF            100

                                  Symbol Table

?___aldiv                     cstackCOMMON 0072
?___awdiv                     cstackBANK0  003D
?___wmul                      cstackCOMMON 0072
ADC_CHselect@canal            cstackCOMMON 0074
ADConfig@canal                cstackCOMMON 0072
ADConfig@justificado          cstackCOMMON 0073
ADConfig@oscFreq              cstackCOMMON 0076
AnalogRead_8@conversion       cstackCOMMON 0075
AnalogRead_8@just             cstackCOMMON 0074
LCD_Cmd@comando               cstackCOMMON 0074
LCD_Set_Cursor@columna        cstackCOMMON 0075
LCD_Set_Cursor@corrimiento    cstackCOMMON 0079
LCD_Set_Cursor@linea          cstackCOMMON 0078
LCD_Write_Character@caracter  cstackCOMMON 0073
LCD_Write_String@a            cstackCOMMON 0076
LCD_Write_String@n            cstackCOMMON 0074
_ADCON0bits                   (abs)        001F
_ADCON1bits                   (abs)        009F
_ADC_CHselect                 text16       048C
_ADConfig                     text15       01CE
_ADRESH                       (abs)        001E
_ADRESL                       (abs)        009E
_ANSELbits                    (abs)        0188
_AnalogRead_8                 text14       0741
_INTCONbits                   (abs)        000B
_ISR_ADC                      text17       0773
_LCD_Cmd                      text13       06A3
_LCD_Set_Cursor               text12       06D2
_LCD_Write_Character          text11       0787
_LCD_Write_String             text10       06FE
_LCD_init                     text9        059C
_PIE1bits                     (abs)        008C
_PIR1bits                     (abs)        000C
_PORTC                        (abs)        0007
_PORTCbits                    (abs)        0007
_PORTD                        (abs)        0008
_RCREG                        (abs)        001A
_RCSTAbits                    (abs)        0018
_SPBRG                        (abs)        0099
_TRISAbits                    (abs)        0085
_TRISC                        (abs)        0087
_TRISD                        (abs)        0088
_TRISEbits                    (abs)        0089
_TXSTAbits                    (abs)        0098
__CFG_BOR4V$BOR40V            (abs)        0000
__CFG_BOREN$OFF               (abs)        0000
__CFG_CP$OFF                  (abs)        0000
__CFG_CPD$OFF                 (abs)        0000
__CFG_FCMEN$OFF               (abs)        0000
__CFG_FOSC$INTRC_NOCLKOUT     (abs)        0000
__CFG_IESO$OFF                (abs)        0000
__CFG_LVP$OFF                 (abs)        0000
__CFG_MCLRE$OFF               (abs)        0000
__CFG_PWRTE$OFF               (abs)        0000
__CFG_WDTE$OFF                (abs)        0000
__CFG_WRT$OFF                 (abs)        0000
__Habs1                       abs1         0000
__Hbank0                      bank0        0000
__Hbank1                      bank1        0000
__Hbank2                      bank2        0000
__Hbank3                      bank3        0000
__HbssBANK0                   bssBANK0     0000
__HbssCOMMON                  bssCOMMON    0000
__Hcinit                      cinit        0028
__Hclrtext                    clrtext      0000
__Hcode                       code         0000
__Hcommon                     common       0000
__Hconfig                     config       2009
__HcstackBANK0                cstackBANK0  0000
__HcstackCOMMON               cstackCOMMON 0000
__HdataBANK0                  dataBANK0    0000
__Heeprom_data                eeprom_data  0000
__Hend_init                   end_init     000F
__Hfunctab                    functab      0000
__HidataBANK0                 idataBANK0   0000
__Hidloc                      idloc        0000
__Hinit                       init         000C
__Hintentry                   intentry     000C
__Hmaintext                   maintext     0000
__Hpowerup                    powerup      0000
__Hram                        ram          0000
__Hreset_vec                  reset_vec    0003
__Hsfr0                       sfr0         0000
__Hsfr1                       sfr1         0000
__Hsfr2                       sfr2         0000
__Hsfr3                       sfr3         0000
__Hspace_0                    (abs)        2009
__Hspace_1                    (abs)        007C
__Hspace_2                    (abs)        0000
__Hspace_3                    (abs)        0000
__Hstack                      stack        0000
__Hstrings                    strings      0000
__Htext                       text         0000
__Labs1                       abs1         0000
__Lbank0                      bank0        0000
__Lbank1                      bank1        0000
__Lbank2                      bank2        0000
__Lbank3                      bank3        0000
__LbssBANK0                   bssBANK0     0000
__LbssCOMMON                  bssCOMMON    0000
__Lcinit                      cinit        000F
__Lclrtext                    clrtext      0000
__Lcode                       code         0000
__Lcommon                     common       0000
__Lconfig                     config       2007
__LcstackBANK0                cstackBANK0  0000
__LcstackCOMMON               cstackCOMMON 0000
__LdataBANK0                  dataBANK0    0000
__Leeprom_data                eeprom_data  0000
__Lend_init                   end_init     000C
__Lfunctab                    functab      0000
__LidataBANK0                 idataBANK0   0000
__Lidloc                      idloc        0000
__Linit                       init         000C
__Lintentry                   intentry     0004
__Lmaintext                   maintext     0000
__Lpowerup                    powerup      0000
__Lram                        ram          0000
__Lreset_vec                  reset_vec    0000
__Lsfr0                       sfr0         0000
__Lsfr1                       sfr1         0000
__Lsfr2                       sfr2         0000
__Lsfr3                       sfr3         0000
__Lspace_0                    (abs)        0000
__Lspace_1                    (abs)        0000
__Lspace_2                    (abs)        0000
__Lspace_3                    (abs)        0000
__Lstack                      stack        0000
__Lstrings                    strings      0000
__Ltext                       text         0000
__S0                          (abs)        2009
__S1                          (abs)        007C
__S2                          (abs)        0000
__S3                          (abs)        0000
___aldiv                      text5        03FD
___aldiv@counter              cstackBANK0  003E
___aldiv@dividend             cstackCOMMON 0076
___aldiv@divisor              cstackCOMMON 0072
___aldiv@quotient             cstackBANK0  0040
___aldiv@sign                 cstackBANK0  003F
___awdiv                      text3        0603
___awdiv@counter              cstackBANK0  0041
___awdiv@dividend             cstackBANK0  003F
___awdiv@divisor              cstackBANK0  003D
___awdiv@quotient             cstackBANK0  0043
___awdiv@sign                 cstackBANK0  0042
___int_sp                     stack        0000
___latbits                    (abs)        0002
___sp                         stack        0000
___stackhi                    (abs)        0000
___stacklo                    (abs)        0000
___wmul                       text8        0720
___wmul@multiplicand          cstackCOMMON 0074
___wmul@multiplier            cstackCOMMON 0072
___wmul@product               cstackCOMMON 0076
__end_of_ADC_CHselect         text16       0517
__end_of_ADConfig             text15       0298
__end_of_AnalogRead_8         text14       075E
__end_of_ISR_ADC              text17       0787
__end_of_LCD_Cmd              text13       06D2
__end_of_LCD_Set_Cursor       text12       06FE
__end_of_LCD_Write_Character  text11       0796
__end_of_LCD_Write_String     text10       0720
__end_of_LCD_init             text9        0603
__end_of___aldiv              text5        048C
__end_of___awdiv              text3        065E
__end_of___wmul               text8        0741
__end_of__initialization      cinit        0024
__end_of__stringtab           strings      0764
__end_of_main                 maintext     01CE
__end_of_mapear               text7        03FD
__end_of_uartRC_Read          text6        07A2
__end_of_uartRC_init          text4        035F
__end_of_uint_to_array        text2        059C
__end_of_uint_to_char         text1        06A3
__initialization              cinit        000F
__pbssBANK0                   bssBANK0     0020
__pbssCOMMON                  bssCOMMON    007A
__pcstackBANK0                cstackBANK0  003D
__pcstackCOMMON               cstackCOMMON 0070
__pdataBANK0                  dataBANK0    0057
__pidataBANK0                 idataBANK0   07AA
__pintentry                   intentry     0004
__pmaintext                   maintext     0028
__pstrings                    strings      075E
__ptext1                      text1        065E
__ptext10                     text10       06FE
__ptext11                     text11       0787
__ptext12                     text12       06D2
__ptext13                     text13       06A3
__ptext14                     text14       0741
__ptext15                     text15       01CE
__ptext16                     text16       048C
__ptext17                     text17       0773
__ptext2                      text2        0517
__ptext3                      text3        0603
__ptext4                      text4        0298
__ptext5                      text5        03FD
__ptext6                      text6        0796
__ptext7                      text7        035F
__ptext8                      text8        0720
__ptext9                      text9        059C
__size_of_ADC_CHselect        (abs)        0000
__size_of_ADConfig            (abs)        0000
__size_of_AnalogRead_8        (abs)        0000
__size_of_ISR_ADC             (abs)        0000
__size_of_LCD_Cmd             (abs)        0000
__size_of_LCD_Set_Cursor      (abs)        0000
__size_of_LCD_Write_Character (abs)        0000
__size_of_LCD_Write_String    (abs)        0000
__size_of_LCD_init            (abs)        0000
__size_of___aldiv             (abs)        0000
__size_of___awdiv             (abs)        0000
__size_of___wmul              (abs)        0000
__size_of_main                (abs)        0000
__size_of_mapear              (abs)        0000
__size_of_uartRC_Read         (abs)        0000
__size_of_uartRC_init         (abs)        0000
__size_of_uint_to_array       (abs)        0000
__size_of_uint_to_char        (abs)        0000
__stringbase                  strings      0763
__stringtab                   strings      075E
_banderaADC                   dataBANK0    0058
_contador                     bssBANK0     0038
_main                         maintext     0028
_mapear                       text7        035F
_num1                         bssCOMMON    007B
_num2                         bssCOMMON    007A
_num3                         bssBANK0     003A
_uartRC_Read                  text6        0796
_uartRC_init                  text4        0298
_uint_to_array                text2        0517
_uint_to_char                 text1        065E
_valorADC_CH0                 bssBANK0     003B
_valorADC_CH5                 bssBANK0     003C
_valorSerial                  dataBANK0    0057
btemp                         (abs)        007E
clear_ram0                    clrtext      07A2
end_of_initialization         cinit        0024
interrupt_function            intentry     0004
intlevel0                     functab      0000
intlevel1                     functab      0000
intlevel2                     functab      0000
intlevel3                     functab      0000
intlevel4                     functab      0000
intlevel5                     functab      0000
mapear@dividendo              cstackBANK0  0048
mapear@limReal                cstackCOMMON 0078
mapear@limSup                 cstackCOMMON 0079
mapear@resultado              cstackBANK0  0042
mapear@valor                  cstackBANK0  0041
reset_vec                     reset_vec    0000
saved_w                       (abs)        007E
start                         init         000C
start_initialization          cinit        000F
uartRC_init@baudrate          cstackBANK0  0044
uartRC_init@n                 cstackBANK0  0052
uint_to_array@centenas        cstackBANK0  0052
uint_to_array@decenas         cstackBANK0  004B
uint_to_array@numero          cstackBANK0  0053
uint_to_array@resultado       cstackBANK0  004C
uint_to_char@numChr           cstackCOMMON 0075
uint_to_char@numero           cstackCOMMON 0074
wtemp0                        (abs)        007E


FUNCTION INFORMATION:

 *************** function _main *****************
 Defined at:
		line 58 in file "main.c"
 Parameters:    Size  Location     Type
		None
 Auto vars:     Size  Location     Type
		None
 Return value:  Size  Location     Type
                  1    wreg      void 
 Registers used:
		wreg, fsr0l, fsr0h, status,2, status,0, btemp+1, pclath, cstack
 Tracked objects:
		On entry : 
		On exit  : 
		Unchanged: 
 Data sizes:     COMMON   BANK0   BANK1   BANK3   BANK2
      Params:         0       0       0       0       0
      Locals:         0       0       0       0       0
      Temps:          0       3       0       0       0
      Totals:         0       3       0       0       0
Total ram usage:        3 bytes
 Hardware stack levels required when called:    3
 This function calls:
		_ADC_CHselect
		_ADConfig
		_AnalogRead_8
		_LCD_Set_Cursor
		_LCD_Write_Character
		_LCD_Write_String
		_LCD_init
		_mapear
		_uartRC_Read
		_uartRC_init
		_uint_to_array
		_uint_to_char
 This function is called by:
		Startup code after reset
 This function uses a non-reentrant model


 *************** function _uint_to_char *****************
 Defined at:
		line 116 in file "LCD_8bits.c"
 Parameters:    Size  Location     Type
  numero          1    wreg     unsigned char 
 Auto vars:     Size  Location     Type
  numero          1    4[COMMON] unsigned char 
  numChr          1    5[COMMON] unsigned char 
 Return value:  Size  Location     Type
                  1    wreg      unsigned char 
 Registers used:
		wreg, fsr0l, fsr0h, status,2, status,0
 Tracked objects:
		On entry : 
		On exit  : 
		Unchanged: 
 Data sizes:     COMMON   BANK0   BANK1   BANK3   BANK2
      Params:         0       0       0       0       0
      Locals:         2       0       0       0       0
      Temps:          2       0       0       0       0
      Totals:         4       0       0       0       0
Total ram usage:        4 bytes
 Hardware stack levels used:    1
 Hardware stack levels required when called:    1
 This function calls:
		Nothing
 This function is called by:
		_main
 This function uses a non-reentrant model


 *************** function _uint_to_array *****************
 Defined at:
		line 155 in file "LCD_8bits.c"
 Parameters:    Size  Location     Type
  numero          1    wreg     unsigned char 
 Auto vars:     Size  Location     Type
  numero          1   22[BANK0 ] unsigned char 
  resultado       6   15[BANK0 ] unsigned int [3]
  centenas        1   21[BANK0 ] unsigned char 
  decenas         1   14[BANK0 ] unsigned char 
 Return value:  Size  Location     Type
                  1    wreg      PTR unsigned int 
 Registers used:
		wreg, fsr0l, fsr0h, status,2, status,0, btemp+1, pclath, cstack
 Tracked objects:
		On entry : 
		On exit  : 
		Unchanged: 
 Data sizes:     COMMON   BANK0   BANK1   BANK3   BANK2
      Params:         0       0       0       0       0
      Locals:         0       9       0       0       0
      Temps:          0       6       0       0       0
      Totals:         0      15       0       0       0
Total ram usage:       15 bytes
 Hardware stack levels used:    1
 Hardware stack levels required when called:    2
 This function calls:
		___awdiv
		___wmul
 This function is called by:
		_main
 This function uses a non-reentrant model


 *************** function ___awdiv *****************
 Defined at:
		line 5 in file "C:\Program Files (x86)\Microchip\xc8\v2.05\pic\sources\c90\common\awdiv.c"
 Parameters:    Size  Location     Type
  divisor         2    0[BANK0 ] int 
  dividend        2    2[BANK0 ] int 
 Auto vars:     Size  Location     Type
  quotient        2    6[BANK0 ] int 
  sign            1    5[BANK0 ] unsigned char 
  counter         1    4[BANK0 ] unsigned char 
 Return value:  Size  Location     Type
                  2    0[BANK0 ] int 
 Registers used:
		wreg, status,2, status,0
 Tracked objects:
		On entry : 
		On exit  : 
		Unchanged: 
 Data sizes:     COMMON   BANK0   BANK1   BANK3   BANK2
      Params:         0       4       0       0       0
      Locals:         0       4       0       0       0
      Temps:          1       0       0       0       0
      Totals:         1       8       0       0       0
Total ram usage:        9 bytes
 Hardware stack levels used:    1
 Hardware stack levels required when called:    1
 This function calls:
		Nothing
 This function is called by:
		_uint_to_array
 This function uses a non-reentrant model


 *************** function _uartRC_init *****************
 Defined at:
		line 13 in file "UART.c"
 Parameters:    Size  Location     Type
  baudrate        2    7[BANK0 ] unsigned int 
 Auto vars:     Size  Location     Type
  n               2   21[BANK0 ] unsigned int 
 Return value:  Size  Location     Type
                  1    wreg      unsigned char 
 Registers used:
		wreg, status,2, status,0, btemp+1, pclath, cstack
 Tracked objects:
		On entry : 
		On exit  : 
		Unchanged: 
 Data sizes:     COMMON   BANK0   BANK1   BANK3   BANK2
      Params:         0       2       0       0       0
      Locals:         0       2       0       0       0
      Temps:          0      12       0       0       0
      Totals:         0      16       0       0       0
Total ram usage:       16 bytes
 Hardware stack levels used:    1
 Hardware stack levels required when called:    2
 This function calls:
		___aldiv
 This function is called by:
		_main
 This function uses a non-reentrant model


 *************** function ___aldiv *****************
 Defined at:
		line 5 in file "C:\Program Files (x86)\Microchip\xc8\v2.05\pic\sources\c90\common\aldiv.c"
 Parameters:    Size  Location     Type
  divisor         4    2[COMMON] long 
  dividend        4    6[COMMON] long 
 Auto vars:     Size  Location     Type
  quotient        4    3[BANK0 ] long 
  sign            1    2[BANK0 ] unsigned char 
  counter         1    1[BANK0 ] unsigned char 
 Return value:  Size  Location     Type
                  4    2[COMMON] long 
 Registers used:
		wreg, status,2, status,0
 Tracked objects:
		On entry : 
		On exit  : 
		Unchanged: 
 Data sizes:     COMMON   BANK0   BANK1   BANK3   BANK2
      Params:         8       0       0       0       0
      Locals:         0       6       0       0       0
      Temps:          0       1       0       0       0
      Totals:         8       7       0       0       0
Total ram usage:       15 bytes
 Hardware stack levels used:    1
 Hardware stack levels required when called:    1
 This function calls:
		Nothing
 This function is called by:
		_uartRC_init
 This function uses a non-reentrant model


 *************** function _uartRC_Read *****************
 Defined at:
		line 31 in file "UART.c"
 Parameters:    Size  Location     Type
		None
 Auto vars:     Size  Location     Type
  lectura         1    0        unsigned char 
 Return value:  Size  Location     Type
                  1    wreg      unsigned char 
 Registers used:
		wreg
 Tracked objects:
		On entry : 
		On exit  : 
		Unchanged: 
 Data sizes:     COMMON   BANK0   BANK1   BANK3   BANK2
      Params:         0       0       0       0       0
      Locals:         1       0       0       0       0
      Temps:          2       0       0       0       0
      Totals:         3       0       0       0       0
Total ram usage:        3 bytes
 Hardware stack levels used:    1
 Hardware stack levels required when called:    1
 This function calls:
		Nothing
 This function is called by:
		_main
 This function uses a non-reentrant model


 *************** function _mapear *****************
 Defined at:
		line 132 in file "main.c"
 Parameters:    Size  Location     Type
  valor           1    wreg     unsigned char 
  limReal         1    8[COMMON] unsigned char 
  limSup          1    9[COMMON] unsigned char 
 Auto vars:     Size  Location     Type
  valor           1    4[BANK0 ] unsigned char 
  resultado       6    5[BANK0 ] unsigned int [3]
  dividendo       2   11[BANK0 ] unsigned int 
 Return value:  Size  Location     Type
                  1    wreg      PTR unsigned int 
 Registers used:
		wreg, fsr0l, fsr0h, status,2, status,0, btemp+1, pclath, cstack
 Tracked objects:
		On entry : 
		On exit  : 
		Unchanged: 
 Data sizes:     COMMON   BANK0   BANK1   BANK3   BANK2
      Params:         2       0       0       0       0
      Locals:         0       9       0       0       0
      Temps:          0       4       0       0       0
      Totals:         2      13       0       0       0
Total ram usage:       15 bytes
 Hardware stack levels used:    1
 Hardware stack levels required when called:    2
 This function calls:
		___wmul
 This function is called by:
		_main
 This function uses a non-reentrant model


 *************** function ___wmul *****************
 Defined at:
		line 15 in file "C:\Program Files (x86)\Microchip\xc8\v2.05\pic\sources\c90\common\Umul16.c"
 Parameters:    Size  Location     Type
  multiplier      2    2[COMMON] unsigned int 
  multiplicand    2    4[COMMON] unsigned int 
 Auto vars:     Size  Location     Type
  product         2    6[COMMON] unsigned int 
 Return value:  Size  Location     Type
                  2    2[COMMON] unsigned int 
 Registers used:
		wreg, status,2, status,0
 Tracked objects:
		On entry : 
		On exit  : 
		Unchanged: 
 Data sizes:     COMMON   BANK0   BANK1   BANK3   BANK2
      Params:         4       0       0       0       0
      Locals:         2       0       0       0       0
      Temps:          0       0       0       0       0
      Totals:         6       0       0       0       0
Total ram usage:        6 bytes
 Hardware stack levels used:    1
 Hardware stack levels required when called:    1
 This function calls:
		Nothing
 This function is called by:
		_mapear
		_uint_to_array
 This function uses a non-reentrant model


 *************** function _LCD_init *****************
 Defined at:
		line 44 in file "LCD_8bits.c"
 Parameters:    Size  Location     Type
		None
 Auto vars:     Size  Location     Type
		None
 Return value:  Size  Location     Type
                  1    wreg      void 
 Registers used:
		wreg, status,2, status,0, pclath, cstack
 Tracked objects:
		On entry : 
		On exit  : 
		Unchanged: 
 Data sizes:     COMMON   BANK0   BANK1   BANK3   BANK2
      Params:         0       0       0       0       0
      Locals:         0       0       0       0       0
      Temps:          2       0       0       0       0
      Totals:         2       0       0       0       0
Total ram usage:        2 bytes
 Hardware stack levels used:    1
 Hardware stack levels required when called:    2
 This function calls:
		_LCD_Cmd
 This function is called by:
		_main
 This function uses a non-reentrant model


 *************** function _LCD_Write_String *****************
 Defined at:
		line 73 in file "LCD_8bits.c"
 Parameters:    Size  Location     Type
  a               1    wreg     PTR unsigned char 
		 -> STR_1(15), 
 Auto vars:     Size  Location     Type
  a               1    6[COMMON] PTR unsigned char 
		 -> STR_1(15), 
  n               2    4[COMMON] int 
 Return value:  Size  Location     Type
                  1    wreg      void 
 Registers used:
		wreg, fsr0l, fsr0h, status,2, status,0, pclath, cstack
 Tracked objects:
		On entry : 
		On exit  : 
		Unchanged: 
 Data sizes:     COMMON   BANK0   BANK1   BANK3   BANK2
      Params:         0       0       0       0       0
      Locals:         3       0       0       0       0
      Temps:          0       0       0       0       0
      Totals:         3       0       0       0       0
Total ram usage:        3 bytes
 Hardware stack levels used:    1
 Hardware stack levels required when called:    2
 This function calls:
		_LCD_Write_Character
 This function is called by:
		_main
 This function uses a non-reentrant model


 *************** function _LCD_Write_Character *****************
 Defined at:
		line 64 in file "LCD_8bits.c"
 Parameters:    Size  Location     Type
  caracter        1    wreg     unsigned char 
 Auto vars:     Size  Location     Type
  caracter        1    3[COMMON] unsigned char 
 Return value:  Size  Location     Type
                  1    wreg      void 
 Registers used:
		wreg
 Tracked objects:
		On entry : 
		On exit  : 
		Unchanged: 
 Data sizes:     COMMON   BANK0   BANK1   BANK3   BANK2
      Params:         0       0       0       0       0
      Locals:         1       0       0       0       0
      Temps:          1       0       0       0       0
      Totals:         2       0       0       0       0
Total ram usage:        2 bytes
 Hardware stack levels used:    1
 Hardware stack levels required when called:    1
 This function calls:
		Nothing
 This function is called by:
		_main
		_LCD_Write_String
 This function uses a non-reentrant model


 *************** function _LCD_Set_Cursor *****************
 Defined at:
		line 80 in file "LCD_8bits.c"
 Parameters:    Size  Location     Type
  linea           1    wreg     unsigned char 
  columna         1    5[COMMON] unsigned char 
 Auto vars:     Size  Location     Type
  linea           1    8[COMMON] unsigned char 
  corrimiento     1    9[COMMON] unsigned char 
 Return value:  Size  Location     Type
                  1    wreg      void 
 Registers used:
		wreg, fsr0l, fsr0h, status,2, status,0, pclath, cstack
 Tracked objects:
		On entry : 
		On exit  : 
		Unchanged: 
 Data sizes:     COMMON   BANK0   BANK1   BANK3   BANK2
      Params:         1       0       0       0       0
      Locals:         2       0       0       0       0
      Temps:          2       0       0       0       0
      Totals:         5       0       0       0       0
Total ram usage:        5 bytes
 Hardware stack levels used:    1
 Hardware stack levels required when called:    2
 This function calls:
		_LCD_Cmd
 This function is called by:
		_main
 This function uses a non-reentrant model


 *************** function _LCD_Cmd *****************
 Defined at:
		line 21 in file "LCD_8bits.c"
 Parameters:    Size  Location     Type
  comando         1    wreg     unsigned char 
 Auto vars:     Size  Location     Type
  comando         1    4[COMMON] unsigned char 
 Return value:  Size  Location     Type
                  1    wreg      void 
 Registers used:
		wreg
 Tracked objects:
		On entry : 
		On exit  : 
		Unchanged: 
 Data sizes:     COMMON   BANK0   BANK1   BANK3   BANK2
      Params:         0       0       0       0       0
      Locals:         1       0       0       0       0
      Temps:          2       0       0       0       0
      Totals:         3       0       0       0       0
Total ram usage:        3 bytes
 Hardware stack levels used:    1
 Hardware stack levels required when called:    1
 This function calls:
		Nothing
 This function is called by:
		_LCD_init
		_LCD_Set_Cursor
		_LCD_clear
		_LCD_home
		_LCD_Shift_links
		_LCD_Shift_rechts
		_LCD_Cursor_rechts
		_LCD_Cursor_links
 This function uses a non-reentrant model


 *************** function _AnalogRead_8 *****************
 Defined at:
		line 97 in file "ADC.c"
 Parameters:    Size  Location     Type
  just            1    wreg     unsigned char 
 Auto vars:     Size  Location     Type
  just            1    4[COMMON] unsigned char 
  conversion      1    5[COMMON] unsigned char 
 Return value:  Size  Location     Type
                  1    wreg      unsigned char 
 Registers used:
		wreg, fsr0l, fsr0h, status,2, status,0
 Tracked objects:
		On entry : 
		On exit  : 
		Unchanged: 
 Data sizes:     COMMON   BANK0   BANK1   BANK3   BANK2
      Params:         0       0       0       0       0
      Locals:         2       0       0       0       0
      Temps:          2       0       0       0       0
      Totals:         4       0       0       0       0
Total ram usage:        4 bytes
 Hardware stack levels used:    1
 Hardware stack levels required when called:    1
 This function calls:
		Nothing
 This function is called by:
		_main
 This function uses a non-reentrant model


 *************** function _ADConfig *****************
 Defined at:
		line 16 in file "ADC.c"
 Parameters:    Size  Location     Type
  oscFreq         1    wreg     unsigned char 
  canal           1    2[COMMON] unsigned char 
  justificado     1    3[COMMON] unsigned char 
 Auto vars:     Size  Location     Type
  oscFreq         1    6[COMMON] unsigned char 
 Return value:  Size  Location     Type
                  1    wreg      void 
 Registers used:
		wreg, fsr0l, fsr0h, status,2, status,0
 Tracked objects:
		On entry : 
		On exit  : 
		Unchanged: 
 Data sizes:     COMMON   BANK0   BANK1   BANK3   BANK2
      Params:         2       0       0       0       0
      Locals:         1       0       0       0       0
      Temps:          2       0       0       0       0
      Totals:         5       0       0       0       0
Total ram usage:        5 bytes
 Hardware stack levels used:    1
 Hardware stack levels required when called:    1
 This function calls:
		Nothing
 This function is called by:
		_main
 This function uses a non-reentrant model


 *************** function _ADC_CHselect *****************
 Defined at:
		line 121 in file "ADC.c"
 Parameters:    Size  Location     Type
  canal           1    wreg     unsigned char 
 Auto vars:     Size  Location     Type
  canal           1    4[COMMON] unsigned char 
 Return value:  Size  Location     Type
                  1    wreg      void 
 Registers used:
		wreg, fsr0l, fsr0h, status,2, status,0
 Tracked objects:
		On entry : 
		On exit  : 
		Unchanged: 
 Data sizes:     COMMON   BANK0   BANK1   BANK3   BANK2
      Params:         0       0       0       0       0
      Locals:         1       0       0       0       0
      Temps:          2       0       0       0       0
      Totals:         3       0       0       0       0
Total ram usage:        3 bytes
 Hardware stack levels used:    1
 Hardware stack levels required when called:    1
 This function calls:
		Nothing
 This function is called by:
		_main
 This function uses a non-reentrant model


 *************** function _ISR_ADC *****************
 Defined at:
		line 51 in file "main.c"
 Parameters:    Size  Location     Type
		None
 Auto vars:     Size  Location     Type
		None
 Return value:  Size  Location     Type
                  1    wreg      void 
 Registers used:
		None
 Tracked objects:
		On entry : 
		On exit  : 
		Unchanged: 
 Data sizes:     COMMON   BANK0   BANK1   BANK3   BANK2
      Params:         0       0       0       0       0
      Locals:         0       0       0       0       0
      Temps:          2       0       0       0       0
      Totals:         2       0       0       0       0
Total ram usage:        2 bytes
 Hardware stack levels used:    1
 This function calls:
		Nothing
 This function is called by:
		Interrupt level 1
 This function uses a non-reentrant model



MODULE INFORMATION

Module		Function		Class		Link	Load	Size
UART.c
		_uartRC_Read   		CODE           	0796	0000	13
		_uartRC_init   		CODE           	0298	0000	200

UART.c estimated size: 213

LCD_8bits.c
		_uint_to_array 		CODE           	0517	0000	134
		_LCD_Write_Character		CODE           	0787	0000	16
		_LCD_Cmd       		CODE           	06A3	0000	48
		_LCD_Set_Cursor		CODE           	06D2	0000	45
		_LCD_init      		CODE           	059C	0000	104
		_uint_to_char  		CODE           	065E	0000	70
		_LCD_Write_String		CODE           	06FE	0000	35

LCD_8bits.c estimated size: 452

C:\Program Files (x86)\Microchip\xc8\v2.05\pic\sources\c90\common\Umul16.c
		___wmul        		CODE           	0720	0000	34

C:\Program Files (x86)\Microchip\xc8\v2.05\pic\sources\c90\common\Umul16.c estimated size: 34

C:\Program Files (x86)\Microchip\xc8\v2.05\pic\sources\c90\common\awdiv.c
		___awdiv       		CODE           	0603	0000	92

C:\Program Files (x86)\Microchip\xc8\v2.05\pic\sources\c90\common\awdiv.c estimated size: 92

shared
		__stringtab    		STRING         	075E	0000	7
		__initialization		CODE           	000F	0000	22

shared estimated size: 29

C:\Program Files (x86)\Microchip\xc8\v2.05\pic\sources\c90\common\aldiv.c
		___aldiv       		CODE           	03FD	0000	144

C:\Program Files (x86)\Microchip\xc8\v2.05\pic\sources\c90\common\aldiv.c estimated size: 144

ADC.c
		_AnalogRead_8  		CODE           	0741	0000	30
		_ADC_CHselect  		CODE           	048C	0000	140
		_ADConfig      		CODE           	01CE	0000	203

ADC.c estimated size: 373

main.c
		_main          		CODE           	0028	0000	423
		_mapear        		CODE           	035F	0000	159
		_ISR_ADC       		CODE           	0773	0000	21

main.c estimated size: 603

